
> attendee-ems@0.0.0 build
> tsc && vite build

src/features/attendees/dpo/attendee.mappers.ts(16,9): error TS2375: Type '{ id: string; firstName: string; lastName: string; email: string; orgId: string; registrationDate: string; isActive: boolean; createdAt: string; updatedAt: string; totalEvents: number; totalRegistrations: number; checkedInCount: number; lastEventAt: string | undefined; displayName: string; canCheckIn: boolean; }' is not assignable to type 'AttendeeDPO' with 'exactOptionalPropertyTypes: true'. Consider adding 'undefined' to the types of the target's properties.
  Types of property 'lastEventAt' are incompatible.
    Type 'string | undefined' is not assignable to type 'string'.
      Type 'undefined' is not assignable to type 'string'.
src/features/attendees/ui/AttendeeTable.tsx(372,9): error TS2322: Type '{ columns: ColumnDef<AttendeeDPO>[]; data: AttendeeDPO[]; isLoading: boolean; enableRowSelection: true; tabsElement: ReactNode; onRowSelectionChange: () => void; ... 5 more ...; onPageSizeChange: (pageSize: number) => void; }' is not assignable to type 'IntrinsicAttributes & DataTableProps<AttendeeDPO, unknown>'.
  Property 'totalItems' does not exist on type 'IntrinsicAttributes & DataTableProps<AttendeeDPO, unknown>'.
src/features/auth/authLifecycle.ts(94,13): error TS2353: Object literal may only specify known properties, and 'forceRefetch' does not exist in type '{ track?: boolean; fixedCacheKey?: string; }'.
src/features/events/dpo/event.mappers.ts(95,11): error TS2551: Property 'locationType' does not exist on type 'CreateEventDPO'. Did you mean 'location'?
src/features/events/dpo/event.mappers.ts(95,49): error TS2551: Property 'locationType' does not exist on type 'CreateEventDPO'. Did you mean 'location'?
src/features/events/dpo/event.mappers.ts(140,11): error TS2551: Property 'locationType' does not exist on type 'UpdateEventDPO'. Did you mean 'location'?
src/features/events/dpo/event.mappers.ts(140,49): error TS2551: Property 'locationType' does not exist on type 'UpdateEventDPO'. Did you mean 'location'?
src/features/events/model/eventsSlice.ts(25,5): error TS2820: Type '"startDate"' is not assignable to type '"name" | "start_at" | "created_at"'. Did you mean '"start_at"'?
src/features/events/model/eventsSlice.ts(53,21): error TS2339: Property 'tags' does not exist on type 'WritableDraft<EventsListParams>'.
src/features/events/model/eventsSlice.ts(65,21): error TS2339: Property 'tags' does not exist on type 'WritableDraft<EventsListParams>'.
src/features/organizations/pages/OrganizationsPage.tsx(322,8): error TS2375: Type '{ title: string; description: string; icon: LucideIcon; badge: { text: string; variant: "purple"; } | undefined; actions: Element | undefined; }' is not assignable to type 'PageHeaderProps' with 'exactOptionalPropertyTypes: true'. Consider adding 'undefined' to the types of the target's properties.
  Types of property 'badge' are incompatible.
    Type '{ text: string; variant: "purple"; } | undefined' is not assignable to type '{ text: string; variant?: "red" | "yellow" | "green" | "blue" | "purple"; }'.
      Type 'undefined' is not assignable to type '{ text: string; variant?: "red" | "yellow" | "green" | "blue" | "purple"; }'.
src/features/registrations/ui/ImportExcelModal.tsx(312,33): error TS2339: Property 'restored' does not exist on type '{ total_rows: number; created: number; updated: number; skipped: number; errors: any[]; }'.
src/features/registrations/ui/ImportExcelModal.tsx(385,34): error TS2532: Object is possibly 'undefined'.
src/features/registrations/ui/ImportExcelModal.tsx(398,21): error TS2532: Object is possibly 'undefined'.
src/features/registrations/ui/ImportExcelModal.tsx(746,91): error TS2339: Property 'shiftKey' does not exist on type 'Event'.
src/features/registrations/ui/RegistrationsTable.tsx(808,8): error TS2375: Type '{ children: (Element | undefined)[]; resultCount: number; resultLabel: string; onReset: () => void; showResetButton: boolean; onRefresh: (() => void) | undefined; showRefreshButton: boolean; }' is not assignable to type 'FilterBarProps' with 'exactOptionalPropertyTypes: true'. Consider adding 'undefined' to the types of the target's properties.
  Types of property 'onRefresh' are incompatible.
    Type '(() => void) | undefined' is not assignable to type '() => void'.
      Type 'undefined' is not assignable to type '() => void'.
src/features/registrations/ui/RegistrationsTable.tsx(902,11): error TS2322: Type '{ columns: ColumnDef<RegistrationDPO>[]; data: RegistrationDPO[]; isLoading: boolean; enableRowSelection: true; bulkActions: (BulkAction | { ...; } | { ...; } | { ...; })[]; ... 9 more ...; onPageSizeChange: (pageSize: number) => void; }' is not assignable to type 'IntrinsicAttributes & DataTableProps<RegistrationDPO, unknown>'.
  Property 'totalItems' does not exist on type 'IntrinsicAttributes & DataTableProps<RegistrationDPO, unknown>'.
src/features/registrations/ui/RegistrationsTable.tsx(948,10): error TS2375: Type '{ isOpen: true; onClose: () => void; registration: RegistrationDPO; eventId: string; currentBadgeTemplateId: string | null | undefined; }' is not assignable to type 'BadgePreviewModalProps' with 'exactOptionalPropertyTypes: true'. Consider adding 'undefined' to the types of the target's properties.
  Types of property 'currentBadgeTemplateId' are incompatible.
    Type 'string | null | undefined' is not assignable to type 'string | null'.
      Type 'undefined' is not assignable to type 'string | null'.
src/features/users/api/usersApi.ts(212,7): error TS2322: Type '(response: { users: User[]; }) => { id: string; first_name: string | undefined; last_name: string | undefined; email: string; }[]' is not assignable to type '(baseQueryReturnValue: unknown, meta: FetchBaseQueryMeta | undefined, arg: void) => Pick<User, "id" | "email" | "first_name" | "last_name">[] | Promise<...>'.
  Type '{ id: string; first_name: string | undefined; last_name: string | undefined; email: string; }[]' is not assignable to type 'Pick<User, "id" | "email" | "first_name" | "last_name">[] | Promise<Pick<User, "id" | "email" | "first_name" | "last_name">[]>'.
    Type '{ id: string; first_name: string | undefined; last_name: string | undefined; email: string; }[]' is not assignable to type 'Pick<User, "id" | "email" | "first_name" | "last_name">[]'.
      Type '{ id: string; first_name: string | undefined; last_name: string | undefined; email: string; }' is not assignable to type 'Pick<User, "id" | "email" | "first_name" | "last_name">' with 'exactOptionalPropertyTypes: true'. Consider adding 'undefined' to the types of the target's properties.
        Types of property 'first_name' are incompatible.
          Type 'string | undefined' is not assignable to type 'string'.
            Type 'undefined' is not assignable to type 'string'.
src/mocks/data/events.mock.ts(387,5): error TS2322: Type '"active"' is not assignable to type 'EventStatus'.
src/mocks/data/events.mock.ts(425,5): error TS2322: Type '"completed"' is not assignable to type 'EventStatus'.
src/mocks/data/events.mock.ts(461,5): error TS2322: Type '"completed"' is not assignable to type 'EventStatus'.
src/mocks/data/events.mock.ts(496,5): error TS2322: Type '"completed"' is not assignable to type 'EventStatus'.
src/mocks/handlers.ts(20,7): error TS2322: Type '{ id: string; name: string; description: string; start_date: string; end_date: string; location: string; max_attendees: number; current_attendees: number; status: "active" | "draft" | "published"; ... 4 more ...; tags: string[]; }[]' is not assignable to type 'EventDTO[]'.
  Type '{ id: string; name: string; description: string; start_date: string; end_date: string; location: string; max_attendees: number; current_attendees: number; status: "active" | "draft" | "published"; ... 4 more ...; tags: string[]; }' is missing the following properties from type 'EventDTO': code, start_at, end_at, timezone, and 15 more.
src/mocks/handlers.ts(46,5): error TS2353: Object literal may only specify known properties, and 'status' does not exist in type 'AttendeeDTO'.
src/mocks/handlers.ts(61,5): error TS2353: Object literal may only specify known properties, and 'status' does not exist in type 'AttendeeDTO'.
src/mocks/handlers.ts(78,5): error TS2353: Object literal may only specify known properties, and 'status' does not exist in type 'AttendeeDTO'.
src/mocks/handlers.ts(93,5): error TS2353: Object literal may only specify known properties, and 'status' does not exist in type 'AttendeeDTO'.
src/mocks/handlers.ts(108,5): error TS2353: Object literal may only specify known properties, and 'status' does not exist in type 'AttendeeDTO'.
src/mocks/handlers.ts(301,7): error TS2561: Object literal may only specify known properties, but 'start_date' does not exist in type 'EventDTO'. Did you mean to write 'start_at'?
src/mocks/handlers.ts(349,9): error TS2561: Object literal may only specify known properties, but 'start_date' does not exist in type 'EventDTO'. Did you mean to write 'start_at'?
src/mocks/handlers.ts(349,59): error TS2551: Property 'start_date' does not exist on type 'EventDTO'. Did you mean 'start_at'?
src/mocks/handlers.ts(350,55): error TS2551: Property 'end_date' does not exist on type 'EventDTO'. Did you mean 'end_at'?
src/mocks/handlers.ts(354,29): error TS2339: Property 'location' does not exist on type 'EventDTO'.
src/mocks/handlers.ts(358,29): error TS2339: Property 'max_attendees' does not exist on type 'EventDTO'.
src/mocks/handlers.ts(359,47): error TS2339: Property 'tags' does not exist on type 'EventDTO'.
src/mocks/handlers.ts(388,16): error TS2339: Property 'event_id' does not exist on type 'AttendeeDTO'.
src/mocks/handlers/attendees.handlers.ts(104,44): error TS2379: Argument of type '{ search: string | undefined; labels: string[] | undefined; minEvents: number | undefined; }' is not assignable to parameter of type '{ search?: string; labels?: string[]; minEvents?: number; }' with 'exactOptionalPropertyTypes: true'. Consider adding 'undefined' to the types of the target's properties.
  Types of property 'search' are incompatible.
    Type 'string | undefined' is not assignable to type 'string'.
      Type 'undefined' is not assignable to type 'string'.
src/mocks/handlers/attendees.handlers.ts(179,7): error TS2322: Type '{ id: any; event: { id: string; code: string; name: string; start_at: string; }; status: any; attendance_type: any; registered_at: any; checked_in: boolean; checked_in_at: undefined; }[]' is not assignable to type 'AttendeeRegistrationHistory[]'.
  Type '{ id: any; event: { id: string; code: string; name: string; start_at: string; }; status: any; attendance_type: any; registered_at: any; checked_in: boolean; checked_in_at: undefined; }' is not assignable to type 'AttendeeRegistrationHistory' with 'exactOptionalPropertyTypes: true'. Consider adding 'undefined' to the types of the target's properties.
    Types of property 'checked_in_at' are incompatible.
      Type 'undefined' is not assignable to type 'string'.
src/mocks/handlers/attendees.handlers.ts(244,7): error TS2322: Type '{ id: any; event: { id: string; code: string; name: string; start_at: string; }; status: any; attendance_type: any; registered_at: any; checked_in: boolean; checked_in_at: undefined; }[]' is not assignable to type 'AttendeeRegistrationHistory[]'.
  Type '{ id: any; event: { id: string; code: string; name: string; start_at: string; }; status: any; attendance_type: any; registered_at: any; checked_in: boolean; checked_in_at: undefined; }' is not assignable to type 'AttendeeRegistrationHistory' with 'exactOptionalPropertyTypes: true'. Consider adding 'undefined' to the types of the target's properties.
    Types of property 'checked_in_at' are incompatible.
      Type 'undefined' is not assignable to type 'string'.
src/mocks/handlers/events.handlers.ts(141,9): error TS2367: This comparison appears to be unintentional because the types '"ADMIN"' and '"SUPER_ADMIN"' have no overlap.
src/mocks/handlers/events.handlers.ts(149,43): error TS2379: Argument of type '{ search: string | undefined; status: string | undefined; startAfter: string | undefined; startBefore: string | undefined; sortBy: string; sortOrder: string; }' is not assignable to parameter of type '{ search?: string; status?: string; startAfter?: string; startBefore?: string; sortBy?: string; sortOrder?: string; }' with 'exactOptionalPropertyTypes: true'. Consider adding 'undefined' to the types of the target's properties.
  Types of property 'search' are incompatible.
    Type 'string | undefined' is not assignable to type 'string'.
      Type 'undefined' is not assignable to type 'string'.
src/mocks/handlers/events.handlers.ts(217,7): error TS2367: This comparison appears to be unintentional because the types '"ADMIN"' and '"SUPER_ADMIN"' have no overlap.
src/mocks/handlers/events.handlers.ts(335,11): error TS2375: Type '{ name: string; description: string | undefined; start_at: string; end_at: string; timezone: string; status: EventStatus; capacity: number | null | undefined; address_formatted: string | undefined; ... 18 more ...; created_at?: string; }' is not assignable to type 'Event' with 'exactOptionalPropertyTypes: true'. Consider adding 'undefined' to the types of the target's properties.
  Property 'id' is optional in type '{ name: string; description: string | undefined; start_at: string; end_at: string; timezone: string; status: EventStatus; capacity: number | null | undefined; address_formatted: string | undefined; ... 18 more ...; created_at?: string; }' but required in type 'Event'.
src/mocks/handlers/events.handlers.ts(337,26): error TS18048: 'event' is possibly 'undefined'.
src/mocks/handlers/events.handlers.ts(339,61): error TS18048: 'event' is possibly 'undefined'.
src/mocks/handlers/events.handlers.ts(340,34): error TS18048: 'event' is possibly 'undefined'.
src/mocks/handlers/events.handlers.ts(341,30): error TS18048: 'event' is possibly 'undefined'.
src/mocks/handlers/events.handlers.ts(342,34): error TS18048: 'event' is possibly 'undefined'.
src/mocks/handlers/events.handlers.ts(343,30): error TS18048: 'event' is possibly 'undefined'.
src/mocks/handlers/events.handlers.ts(344,63): error TS18048: 'event' is possibly 'undefined'.
src/mocks/handlers/events.handlers.ts(347,45): error TS18048: 'event' is possibly 'undefined'.
src/mocks/handlers/events.handlers.ts(348,52): error TS18048: 'event' is possibly 'undefined'.
src/mocks/handlers/events.handlers.ts(349,58): error TS18048: 'event' is possibly 'undefined'.
src/mocks/handlers/events.handlers.ts(350,44): error TS18048: 'event' is possibly 'undefined'.
src/mocks/handlers/events.handlers.ts(351,46): error TS18048: 'event' is possibly 'undefined'.
src/mocks/handlers/events.handlers.ts(354,12): error TS18048: 'event' is possibly 'undefined'.
src/mocks/handlers/public.handlers.ts(55,9): error TS2367: This comparison appears to be unintentional because the types '"draft" | "published" | "archived" | "registration_closed" | "postponed"' and '"completed"' have no overlap.
src/mocks/handlers/public.handlers.ts(126,11): error TS2367: This comparison appears to be unintentional because the types '"draft" | "published" | "archived" | "registration_closed" | "postponed"' and '"completed"' have no overlap.
src/mocks/handlers/public.handlers.ts(266,23): error TS2304: Cannot find name 'PublicRegisterResponse'.
src/mocks/handlers/registrations.handlers.ts(117,58): error TS2379: Argument of type '{ status: string | undefined; search: string | undefined; attendeeTypeId: string | undefined; attendanceType: string | undefined; sortBy: string; sortOrder: string; }' is not assignable to parameter of type '{ status?: string; search?: string; attendeeTypeId?: string; attendanceType?: string; sortBy?: string; sortOrder?: string; }' with 'exactOptionalPropertyTypes: true'. Consider adding 'undefined' to the types of the target's properties.
  Types of property 'status' are incompatible.
    Type 'string | undefined' is not assignable to type 'string'.
      Type 'undefined' is not assignable to type 'string'.
src/mocks/handlers/registrations.handlers.ts(131,13): error TS2367: This comparison appears to be unintentional because the types '"ADMIN"' and '"HOSTESS"' have no overlap.
src/mocks/handlers/registrations.handlers.ts(311,16): error TS18048: 'row' is possibly 'undefined'.
src/mocks/handlers/registrations.handlers.ts(319,62): error TS18048: 'row' is possibly 'undefined'.
src/mocks/handlers/registrations.handlers.ts(327,27): error TS18048: 'row' is possibly 'undefined'.
src/mocks/handlers/registrations.handlers.ts(328,26): error TS18048: 'row' is possibly 'undefined'.
src/mocks/handlers/registrations.handlers.ts(329,22): error TS18048: 'row' is possibly 'undefined'.
src/mocks/handlers/registrations.handlers.ts(330,22): error TS18048: 'row' is possibly 'undefined'.
src/mocks/handlers/registrations.handlers.ts(331,24): error TS18048: 'row' is possibly 'undefined'.
src/mocks/handlers/registrations.handlers.ts(332,26): error TS18048: 'row' is possibly 'undefined'.
src/mocks/handlers/registrations.handlers.ts(355,35): error TS18048: 'row' is possibly 'undefined'.
src/mocks/handlers/registrations.handlers.ts(356,34): error TS18048: 'row' is possibly 'undefined'.
src/mocks/handlers/registrations.handlers.ts(357,30): error TS18048: 'row' is possibly 'undefined'.
src/mocks/handlers/registrations.handlers.ts(358,32): error TS18048: 'row' is possibly 'undefined'.
src/mocks/handlers/registrations.handlers.ts(359,34): error TS18048: 'row' is possibly 'undefined'.
src/mocks/handlers/registrations.handlers.ts(376,23): error TS2769: No overload matches this call.
  Overload 1 of 2, '(o: {}): string[]', gave the following error.
    Argument of type '{ email: string; first_name: string; last_name: string; phone: string; company: string; job_title: string; attendance_type: string; dietary_restrictions: string; } | { email: string; first_name: string; ... 5 more ...; dietary_restrictions?: never; } | { ...; } | undefined' is not assignable to parameter of type '{}'.
      Type 'undefined' is not assignable to type '{}'.
  Overload 2 of 2, '(o: object): string[]', gave the following error.
    Argument of type '{ email: string; first_name: string; last_name: string; phone: string; company: string; job_title: string; attendance_type: string; dietary_restrictions: string; } | { email: string; first_name: string; ... 5 more ...; dietary_restrictions?: never; } | { ...; } | undefined' is not assignable to parameter of type 'object'.
      Type 'undefined' is not assignable to type 'object'.
src/mocks/handlers/registrations.handlers.ts(402,26): error TS18048: 'attendee' is possibly 'undefined'.
src/mocks/handlers/registrations.handlers.ts(404,30): error TS18048: 'row' is possibly 'undefined'.
src/mocks/handlers/registrations.handlers.ts(413,11): error TS18048: 'attendee' is possibly 'undefined'.
src/mocks/handlers/registrations.handlers.ts(415,13): error TS18048: 'attendee' is possibly 'undefined'.
src/mocks/handlers/registrations.handlers.ts(416,13): error TS18048: 'attendee' is possibly 'undefined'.
src/mocks/handlers/registrations.handlers.ts(418,13): error TS18048: 'attendee' is possibly 'undefined'.
src/mocks/handlers/registrations.handlers.ts(423,20): error TS18048: 'row' is possibly 'undefined'.
src/pages/AttendeeDetail/HistoryTable.tsx(229,9): error TS2322: Type '{ onPageSizeChange?: (pageSize: number) => void; onPageChange?: (page: number) => void; columns: ColumnDef<EventParticipation>[]; data: EventParticipation[]; ... 9 more ...; pageSize: number; }' is not assignable to type 'IntrinsicAttributes & DataTableProps<EventParticipation, unknown>'.
  Property 'pageCount' does not exist on type 'IntrinsicAttributes & DataTableProps<EventParticipation, unknown>'.
src/pages/CreateEvent/steps/StepTwo.tsx(87,21): error TS2375: Type '{ address_formatted: string; latitude: number | undefined; longitude: number | undefined; }' is not assignable to type 'Partial<CreateEventFormData>' with 'exactOptionalPropertyTypes: true'. Consider adding 'undefined' to the types of the target's properties.
  Types of property 'latitude' are incompatible.
    Type 'number | undefined' is not assignable to type 'number'.
      Type 'undefined' is not assignable to type 'number'.
src/pages/Events/index.tsx(71,5): error TS2304: Cannot find name 'dispatch'.
src/pages/Users/index.new.tsx(567,15): error TS2322: Type 'import("C:/Users/Corentin/Documents/EMS/attendee-ems-front/src/features/users/api/usersApi").User[]' is not assignable to type 'User[]'.
  Type 'import("C:/Users/Corentin/Documents/EMS/attendee-ems-front/src/features/users/api/usersApi").User' is not assignable to type 'User'.
    Property 'first_name' is optional in type 'User' but required in type 'User'.
src/pages/Users/index.new.tsx(597,9): error TS2322: Type 'User | null' is not assignable to type 'import("C:/Users/Corentin/Documents/EMS/attendee-ems-front/src/features/users/api/usersApi").User | null'.
  Type 'User' is missing the following properties from type 'User': org_id, updated_at
src/pages/Users/index.new.tsx(603,9): error TS2322: Type 'User | null' is not assignable to type 'import("C:/Users/Corentin/Documents/EMS/attendee-ems-front/src/features/users/api/usersApi").User | null'.
  Type 'User' is missing the following properties from type 'User': org_id, updated_at
src/pages/Users/index.tsx(652,13): error TS2322: Type '{ columns: ColumnDef<User>[]; data: User[]; isLoading: boolean; emptyMessage: string; tabsElement: Element; enablePagination: true; pageSize: number; totalItems: number; onPageChange: (page: number) => void; onPageSizeChange: (pageSize: number) => void; }' is not assignable to type 'IntrinsicAttributes & DataTableProps<User, unknown>'.
  Property 'totalItems' does not exist on type 'IntrinsicAttributes & DataTableProps<User, unknown>'.
src/shared/ui/AddressAutocomplete.tsx(222,36): error TS2379: Argument of type '{ formatted_address: string; street: string | undefined; city: string | undefined; postal_code: string | undefined; country: string | undefined; latitude: number | undefined; longitude: number | undefined; }' is not assignable to parameter of type '{ formatted_address: string; street?: string; city?: string; postal_code?: string; country?: string; latitude?: number; longitude?: number; }' with 'exactOptionalPropertyTypes: true'. Consider adding 'undefined' to the types of the target's properties.
  Types of property 'street' are incompatible.
    Type 'string | undefined' is not assignable to type 'string'.
      Type 'undefined' is not assignable to type 'string'.
